*$FROM LibraryEx
$EXTERN Trim;


$ENTRY Eq {
  (e.A) e.A = True;
  (e.A) e.B = False;
}


$ENTRY Prerr {
  e.Message = <Putout stderr e.Message>;
}


/* String utils */

$ENTRY Join {
  (e.Sep) /* empty */ = /* empty */;
  (e.Sep) (e.H) = e.H;
  (e.Sep) (e.H) e.T = e.H e.Sep <Join (e.Sep) e.T>;
}


$ENTRY Split {
  e.Str = <Trim e.Str> : {
    e.Part ' ' e.Rest = (e.Part) <Split e.Rest>;
    e.Part = (e.Part);
  };
}
